[2026-10-06 23:38:48] AGENT_STARTED
[2026-10-06 23:44:43] AGENT_STARTED
[2026-10-06 23:48:04] CLIENT_CONNECTED 127.0.0.1
[2026-10-06 23:48:11] COMMAND AUTH OPS-0454
[2026-10-06 23:48:11] AUTH_SUCCESS
[2026-10-06 23:48:16] COMMAND SYSINFO
[2026-10-06 23:48:20] COMMAND EXEC DATE
[2026-10-06 23:48:27] COMMAND ls -l test.txt
[2026-10-06 23:51:21] COMMAND GET test.txt
[2026-10-06 23:51:21] FILE_SENT GET test.txt 27 bytes
[2026-10-06 23:53:14] COMMAND quit
[2026-10-06 23:53:25] COMMAND MONITOR STOP
[2026-10-06 23:56:13] COMMAND MONITOR STOP
[2026-10-06 23:57:00] COMMAND QUIT
[2026-10-06 23:57:00] CLIENT_QUIT
[2026-10-07 00:30:52] AGENT_STARTED
[2026-10-07 00:31:00] CLIENT_CONNECTED 127.0.0.1
[2026-10-07 00:31:13] COMMAND AUTH WRONG-TOKEN
[2026-10-07 00:31:13] AUTH_FAILED
[2026-10-07 00:31:18] COMMAND SYSINFO
[2026-10-07 00:31:25] COMMAND AUTH OPS-0454
[2026-10-07 00:31:25] AUTH_SUCCESS
[2026-10-07 00:31:29] COMMAND EXEC INVALID
[2026-10-07 00:31:36] COMMAND GET does_not_exist.txt
[2026-10-07 00:34:13] COMMAND QUIT
[2026-10-07 00:34:13] CLIENT_QUIT
[2026-10-07 00:34:49] CLIENT_CONNECTED 127.0.0.1
[2026-10-07 00:34:54] COMMAND AUTH OPS-0454
[2026-10-07 00:34:54] AUTH_SUCCESS
[2026-10-07 00:35:00] COMMAND PUT test_transfer.txt 40
[2026-10-07 00:35:00] FILE_RECEIVED PUT test_transfer.txt 40 bytes
[2026-10-07 00:36:20] COMMAND GET test_transfer.txt
[2026-10-07 00:36:20] FILE_SENT GET test_transfer.txt 40 bytes
[2026-10-07 00:37:02] COMMAND QUIT
[2026-10-07 00:37:02] CLIENT_QUIT
[2026-10-07 00:39:07] CLIENT_CONNECTED 127.0.0.1
[2026-10-07 00:39:07] COMMAND AUTH OPS-0454
[2026-10-07 00:39:07] AUTH_SUCCESS
[2026-10-07 00:39:07] COMMAND SYSINFO
[2026-10-07 03:22:08] CLIENT_DISCONNECTED 127.0.0.1
[2026-10-07 13:49:43] AGENT_STARTED
[2026-10-07 13:54:34] CLIENT_CONNECTED 127.0.0.1
[2026-10-07 13:54:44] COMMAND AUTH OPS-0454
[2026-10-07 13:54:44] AUTH_SUCCESS
[2026-10-07 13:54:49] COMMAND SYSINFO
[2026-10-07 13:54:58] COMMAND OK AUTHENTICATED SID:4540
[2026-10-07 13:55:01] COMMAND OK SYSINFO 0.00 1299 5904 SID:4540
[2026-10-07 13:55:07] COMMAND clear
[2026-10-07 13:55:19] COMMAND MONITER QUIT
[2026-10-07 13:55:48] COMMAND MONITER EXIT
[2026-10-07 13:56:53] COMMAND MONITOR STOP
[2026-10-07 13:57:08] COMMAND QUIT
[2026-10-07 13:57:08] CLIENT_QUIT
[2026-10-07 13:59:16] CLIENT_CONNECTED 127.0.0.1
[2026-10-07 13:59:29] COMMAND AUTH OPS-0454
[2026-10-07 13:59:29] AUTH_SUCCESS
[2026-10-07 14:04:25] COMMAND SYSINFO
[2026-10-07 14:05:19] COMMAND LISTPROC
[2026-10-07 14:06:12] COMMAND EXEC DATE
[2026-10-07 14:08:29] COMMAND clear
[2026-10-07 14:08:38] COMMAND PUT evidence_test.txt 35
[2026-10-07 14:08:38] FILE_RECEIVED PUT evidence_test.txt 35 bytes
[2026-10-07 14:08:47] COMMAND GET evidence_test.txt
[2026-10-07 14:08:47] FILE_SENT GET evidence_test.txt 35 bytes
[2026-10-07 14:12:28] COMMAND MONITOR START 9000
[2026-10-07 14:12:28] MONITOR_STARTED
[2026-10-07 14:12:28] MONITOR_THREAD_STARTED UDP_PORT:9000
[2026-10-07 14:12:50] COMMAND MONITOR STOP
[2026-10-07 14:12:50] MONITOR_THREAD_STOPPED
[2026-10-07 14:12:50] MONITOR_STOPPED
[2026-10-07 14:13:55] COMMAND QUIT
[2026-10-07 14:13:55] CLIENT_QUIT
[2026-10-07 14:14:01] CLIENT_CONNECTED 127.0.0.1
[2026-10-07 14:14:05] COMMAND AUTH OPS-0454
[2026-10-07 14:14:05] AUTH_SUCCESS
[2026-10-07 14:14:11] COMMAND EXEC INVALID
[2026-10-07 15:29:50] COMMAND LISTPROC
[2026-10-07 15:58:33] COMMAND quit
[2026-10-07 15:58:38] COMMAND QUIT
[2026-10-07 15:58:38] CLIENT_QUIT
[2026-10-07 15:58:41] CLIENT_CONNECTED 127.0.0.1
[2026-10-07 15:58:47] AGENT_STARTED
[2026-10-07 15:59:02] AGENT_STARTED
[2026-10-07 15:59:11] CLIENT_CONNECTED 127.0.0.1
[2026-10-07 15:59:22] COMMAND AUTH OPS-0454
[2026-10-07 15:59:22] AUTH_SUCCESS
[2026-10-07 15:59:29] COMMAND SYSINFO
[2026-10-07 16:14:47] COMMAND EXEC DATE
[2026-10-07 16:14:54] COMMAND EXEC INVALID
